../Middlewares/Third_Party/wolfSSL_wolfSSL_wolfSSL/wolfssl/wolfcrypt/benchmark/benchmark.c:1188:26:bench_async_check	24	static
../Middlewares/Third_Party/wolfSSL_wolfSSL_wolfSSL/wolfssl/wolfcrypt/benchmark/benchmark.c:1201:26:bench_async_handle	24	static
../Middlewares/Third_Party/wolfSSL_wolfSSL_wolfSSL/wolfssl/wolfcrypt/benchmark/benchmark.c:1355:13:benchmark_static_init	16	static
../Middlewares/Third_Party/wolfSSL_wolfSSL_wolfSSL/wolfssl/wolfcrypt/benchmark/benchmark.c:1518:27:bench_stats_add	32	static
../Middlewares/Third_Party/wolfSSL_wolfSSL_wolfSSL/wolfssl/wolfcrypt/benchmark/benchmark.c:1540:10:bench_stats_print	32	static
../Middlewares/Third_Party/wolfSSL_wolfSSL_wolfSSL/wolfssl/wolfcrypt/benchmark/benchmark.c:1559:23:bench_stats_init	8	static
../Middlewares/Third_Party/wolfSSL_wolfSSL_wolfSSL/wolfssl/wolfcrypt/benchmark/benchmark.c:1568:23:bench_stats_start	16	static
../Middlewares/Third_Party/wolfSSL_wolfSSL_wolfSSL/wolfssl/wolfcrypt/benchmark/benchmark.c:1575:22:bench_stats_check	24	static
../Middlewares/Third_Party/wolfSSL_wolfSSL_wolfSSL/wolfssl/wolfcrypt/benchmark/benchmark.c:1583:13:bench_stats_sym_finish	256	static
../Middlewares/Third_Party/wolfSSL_wolfSSL_wolfSSL/wolfssl/wolfcrypt/benchmark/benchmark.c:1891:23:bench_stats_free	8	static
../Middlewares/Third_Party/wolfSSL_wolfSSL_wolfSSL/wolfssl/wolfcrypt/benchmark/benchmark.c:1909:14:benchmarks_do	40	static
../Middlewares/Third_Party/wolfSSL_wolfSSL_wolfSSL/wolfssl/wolfcrypt/benchmark/benchmark.c:2633:5:benchmark_init	32	static
../Middlewares/Third_Party/wolfSSL_wolfSSL_wolfSSL/wolfssl/wolfcrypt/benchmark/benchmark.c:2690:5:benchmark_free	16	static
../Middlewares/Third_Party/wolfSSL_wolfSSL_wolfSSL/wolfssl/wolfcrypt/benchmark/benchmark.c:2783:5:benchmark_test	24	static
../Middlewares/Third_Party/wolfSSL_wolfSSL_wolfSSL/wolfssl/wolfcrypt/benchmark/benchmark.c:2903:13:bench_aescbc_internal	368	static
../Middlewares/Third_Party/wolfSSL_wolfSSL_wolfSSL/wolfssl/wolfcrypt/benchmark/benchmark.c:3001:6:bench_aescbc	24	static
../Middlewares/Third_Party/wolfSSL_wolfSSL_wolfSSL/wolfssl/wolfcrypt/benchmark/benchmark.c:3698:6:bench_poly1305	152	static
../Middlewares/Third_Party/wolfSSL_wolfSSL_wolfSSL/wolfssl/wolfcrypt/benchmark/benchmark.c:3895:6:bench_chacha	120	static
../Middlewares/Third_Party/wolfSSL_wolfSSL_wolfSSL/wolfssl/wolfcrypt/benchmark/benchmark.c:3916:6:bench_chacha20_poly1305_aead	72	static
../Middlewares/Third_Party/wolfSSL_wolfSSL_wolfSSL/wolfssl/wolfcrypt/benchmark/benchmark.c:3942:6:bench_md5	200	static
../Middlewares/Third_Party/wolfSSL_wolfSSL_wolfSSL/wolfssl/wolfcrypt/benchmark/benchmark.c:4217:6:bench_sha256	216	static
../Middlewares/Third_Party/wolfSSL_wolfSSL_wolfSSL/wolfssl/wolfcrypt/benchmark/benchmark.c:5300:13:bench_hmac	400	static
../Middlewares/Third_Party/wolfSSL_wolfSSL_wolfSSL/wolfssl/wolfcrypt/benchmark/benchmark.c:5385:6:bench_hmac_md5	48	static
../Middlewares/Third_Party/wolfSSL_wolfSSL_wolfSSL/wolfssl/wolfcrypt/benchmark/benchmark.c:5427:6:bench_hmac_sha256	64	static
../Middlewares/Third_Party/wolfSSL_wolfSSL_wolfSSL/wolfssl/wolfcrypt/benchmark/benchmark.c:5477:6:bench_pbkdf2	120	static
../Middlewares/Third_Party/wolfSSL_wolfSSL_wolfSSL/wolfssl/wolfcrypt/benchmark/benchmark.c:8435:6:benchmark_configure	16	static
