###############################################################################
#
# IAR ELF Linker V9.50.2.385/W64 for ARM                  03/May/2024  20:47:37
# Copyright 2007-2024 IAR Systems AB.
#
#    Output file  =
#        D:\STM32\new-work\JIO\Source Code\walfssl
#        -stm32G0\EWARM\walfssl\Exe\walfssl.out
#    Map file     =
#        D:\STM32\new-work\JIO\Source Code\walfssl
#        -stm32G0\EWARM\walfssl\List\walfssl.map
#    Command line =
#        -f "D:\STM32\new-work\JIO\Source Code\walfssl
#        -stm32G0\EWARM\walfssl\Exe\walfssl.out.rsp"
#        ("D:\STM32\new-work\JIO\Source Code\walfssl
#        -stm32G0\EWARM\walfssl\Obj\wolfSSL\wolfCrypt\Core_12094144932994212940.dir\aes.o"
#        "D:\STM32\new-work\JIO\Source Code\walfssl
#        -stm32G0\EWARM\walfssl\Obj\wolfSSL\wolfCrypt\Core_12094144932994212940.dir\arc4.o"
#        "D:\STM32\new-work\JIO\Source Code\walfssl
#        -stm32G0\EWARM\walfssl\Obj\wolfSSL\wolfCrypt\Core_12094144932994212940.dir\armv8-32-curve25519_c.o"
#        "D:\STM32\new-work\JIO\Source Code\walfssl
#        -stm32G0\EWARM\walfssl\Obj\wolfSSL\wolfCrypt\Core_12094144932994212940.dir\armv8-32-sha512-asm_c.o"
#        "D:\STM32\new-work\JIO\Source Code\walfssl
#        -stm32G0\EWARM\walfssl\Obj\wolfSSL\wolfCrypt\Core_12094144932994212940.dir\armv8-aes.o"
#        "D:\STM32\new-work\JIO\Source Code\walfssl
#        -stm32G0\EWARM\walfssl\Obj\wolfSSL\wolfCrypt\Core_12094144932994212940.dir\armv8-chacha.o"
#        "D:\STM32\new-work\JIO\Source Code\walfssl
#        -stm32G0\EWARM\walfssl\Obj\wolfSSL\wolfCrypt\Core_12094144932994212940.dir\armv8-curve25519_c.o"
#        "D:\STM32\new-work\JIO\Source Code\walfssl
#        -stm32G0\EWARM\walfssl\Obj\wolfSSL\wolfCrypt\Core_12094144932994212940.dir\armv8-poly1305.o"
#        "D:\STM32\new-work\JIO\Source Code\walfssl
#        -stm32G0\EWARM\walfssl\Obj\wolfSSL\wolfCrypt\Core_12094144932994212940.dir\armv8-sha256.o"
#        "D:\STM32\new-work\JIO\Source Code\walfssl
#        -stm32G0\EWARM\walfssl\Obj\wolfSSL\wolfCrypt\Core_12094144932994212940.dir\armv8-sha512.o"
#        "D:\STM32\new-work\JIO\Source Code\walfssl
#        -stm32G0\EWARM\walfssl\Obj\wolfSSL\wolfCrypt\Core_12094144932994212940.dir\asm.o"
#        "D:\STM32\new-work\JIO\Source Code\walfssl
#        -stm32G0\EWARM\walfssl\Obj\wolfSSL\wolfCrypt\Core_12094144932994212940.dir\asn.o"
#        "D:\STM32\new-work\JIO\Source Code\walfssl
#        -stm32G0\EWARM\walfssl\Obj\wolfSSL\wolfCrypt\Core_12094144932994212940.dir\atmel.o"
#        "D:\STM32\new-work\JIO\Source Code\walfssl
#        -stm32G0\EWARM\walfssl\Obj\wolfSSL\wolfCrypt\Test_15629031776329140406.dir\benchmark.o"
#        "D:\STM32\new-work\JIO\Source Code\walfssl
#        -stm32G0\EWARM\walfssl\Obj\wolfSSL\wolfSSL\Core_18141034100668064349.dir\bio.o"
#        "D:\STM32\new-work\JIO\Source Code\walfssl
#        -stm32G0\EWARM\walfssl\Obj\wolfSSL\wolfCrypt\Core_12094144932994212940.dir\blake2b.o"
#        "D:\STM32\new-work\JIO\Source Code\walfssl
#        -stm32G0\EWARM\walfssl\Obj\wolfSSL\wolfCrypt\Core_12094144932994212940.dir\blake2s.o"
#        "D:\STM32\new-work\JIO\Source Code\walfssl
#        -stm32G0\EWARM\walfssl\Obj\wolfSSL\wolfCrypt\Core_12094144932994212940.dir\camellia.o"
#        "D:\STM32\new-work\JIO\Source Code\walfssl
#        -stm32G0\EWARM\walfssl\Obj\wolfSSL\wolfCrypt\Core_12094144932994212940.dir\chacha.o"
#        "D:\STM32\new-work\JIO\Source Code\walfssl
#        -stm32G0\EWARM\walfssl\Obj\wolfSSL\wolfCrypt\Core_12094144932994212940.dir\chacha20_poly1305.o"
#        "D:\STM32\new-work\JIO\Source Code\walfssl
#        -stm32G0\EWARM\walfssl\Obj\wolfSSL\wolfCrypt\Core_12094144932994212940.dir\cmac.o"
#        "D:\STM32\new-work\JIO\Source Code\walfssl
#        -stm32G0\EWARM\walfssl\Obj\wolfSSL\wolfCrypt\Core_12094144932994212940.dir\coding.o"
#        "D:\STM32\new-work\JIO\Source Code\walfssl
#        -stm32G0\EWARM\walfssl\Obj\wolfSSL\wolfCrypt\Core_12094144932994212940.dir\compress.o"
#        "D:\STM32\new-work\JIO\Source Code\walfssl
#        -stm32G0\EWARM\walfssl\Obj\wolfSSL\wolfSSL\Core_18141034100668064349.dir\conf.o"
#        "D:\STM32\new-work\JIO\Source Code\walfssl
#        -stm32G0\EWARM\walfssl\Obj\wolfSSL\wolfCrypt\Core_12094144932994212940.dir\cpuid.o"
#        "D:\STM32\new-work\JIO\Source Code\walfssl
#        -stm32G0\EWARM\walfssl\Obj\wolfSSL\wolfSSL\Core_18141034100668064349.dir\crl.o"
#        "D:\STM32\new-work\JIO\Source Code\walfssl
#        -stm32G0\EWARM\walfssl\Obj\wolfSSL\wolfCrypt\Core_12094144932994212940.dir\curve25519.o"
#        "D:\STM32\new-work\JIO\Source Code\walfssl
#        -stm32G0\EWARM\walfssl\Obj\wolfSSL\wolfCrypt\Core_12094144932994212940.dir\curve448.o"
#        "D:\STM32\new-work\JIO\Source Code\walfssl
#        -stm32G0\EWARM\walfssl\Obj\wolfSSL\wolfCrypt\Core_12094144932994212940.dir\des3.o"
#        "D:\STM32\new-work\JIO\Source Code\walfssl
#        -stm32G0\EWARM\walfssl\Obj\wolfSSL\wolfCrypt\Core_12094144932994212940.dir\dh.o"
#        "D:\STM32\new-work\JIO\Source Code\walfssl
#        -stm32G0\EWARM\walfssl\Obj\wolfSSL\wolfCrypt\Core_12094144932994212940.dir\dsa.o"
#        "D:\STM32\new-work\JIO\Source Code\walfssl
#        -stm32G0\EWARM\walfssl\Obj\wolfSSL\wolfSSL\Core_18141034100668064349.dir\dtls.o"
#        "D:\STM32\new-work\JIO\Source Code\walfssl
#        -stm32G0\EWARM\walfssl\Obj\wolfSSL\wolfSSL\Core_18141034100668064349.dir\dtls13.o"
#        "D:\STM32\new-work\JIO\Source Code\walfssl
#        -stm32G0\EWARM\walfssl\Obj\wolfSSL\wolfCrypt\Core_12094144932994212940.dir\ecc.o"
#        "D:\STM32\new-work\JIO\Source Code\walfssl
#        -stm32G0\EWARM\walfssl\Obj\wolfSSL\wolfCrypt\Core_12094144932994212940.dir\ecc_fp.o"
#        "D:\STM32\new-work\JIO\Source Code\walfssl
#        -stm32G0\EWARM\walfssl\Obj\wolfSSL\wolfCrypt\Core_12094144932994212940.dir\eccsi.o"
#        "D:\STM32\new-work\JIO\Source Code\walfssl
#        -stm32G0\EWARM\walfssl\Obj\wolfSSL\wolfCrypt\Core_12094144932994212940.dir\ed25519.o"
#        "D:\STM32\new-work\JIO\Source Code\walfssl
#        -stm32G0\EWARM\walfssl\Obj\wolfSSL\wolfCrypt\Core_12094144932994212940.dir\ed448.o"
#        "D:\STM32\new-work\JIO\Source Code\walfssl
#        -stm32G0\EWARM\walfssl\Obj\wolfSSL\wolfCrypt\Core_12094144932994212940.dir\error.o"
#        "D:\STM32\new-work\JIO\Source Code\walfssl
#        -stm32G0\EWARM\walfssl\Obj\wolfSSL\wolfCrypt\Core_12094144932994212940.dir\evp.o"
#        "D:\STM32\new-work\JIO\Source Code\walfssl
#        -stm32G0\EWARM\walfssl\Obj\wolfSSL\wolfCrypt\Core_12094144932994212940.dir\fe_448.o"
#        "D:\STM32\new-work\JIO\Source Code\walfssl
#        -stm32G0\EWARM\walfssl\Obj\wolfSSL\wolfCrypt\Core_12094144932994212940.dir\fe_low_mem.o"
#        "D:\STM32\new-work\JIO\Source Code\walfssl
#        -stm32G0\EWARM\walfssl\Obj\wolfSSL\wolfCrypt\Core_12094144932994212940.dir\fe_operations.o"
#        "D:\STM32\new-work\JIO\Source Code\walfssl
#        -stm32G0\EWARM\walfssl\Obj\wolfSSL\wolfCrypt\Core_12094144932994212940.dir\ge_448.o"
#        "D:\STM32\new-work\JIO\Source Code\walfssl
#        -stm32G0\EWARM\walfssl\Obj\wolfSSL\wolfCrypt\Core_12094144932994212940.dir\ge_low_mem.o"
#        "D:\STM32\new-work\JIO\Source Code\walfssl
#        -stm32G0\EWARM\walfssl\Obj\wolfSSL\wolfCrypt\Core_12094144932994212940.dir\ge_operations.o"
#        "D:\STM32\new-work\JIO\Source Code\walfssl
#        -stm32G0\EWARM\walfssl\Obj\wolfSSL\wolfCrypt\Core_12094144932994212940.dir\hash.o"
#        "D:\STM32\new-work\JIO\Source Code\walfssl
#        -stm32G0\EWARM\walfssl\Obj\wolfSSL\wolfCrypt\Core_12094144932994212940.dir\hmac.o"
#        "D:\STM32\new-work\JIO\Source Code\walfssl
#        -stm32G0\EWARM\walfssl\Obj\wolfSSL\wolfCrypt\Core_12094144932994212940.dir\integer.o"
#        "D:\STM32\new-work\JIO\Source Code\walfssl
#        -stm32G0\EWARM\walfssl\Obj\wolfSSL\wolfSSL\Core_18141034100668064349.dir\internal.o"
#        "D:\STM32\new-work\JIO\Source Code\walfssl
#        -stm32G0\EWARM\walfssl\Obj\wolfSSL\wolfCrypt\Core_12094144932994212940.dir\kdf.o"
#        "D:\STM32\new-work\JIO\Source Code\walfssl
#        -stm32G0\EWARM\walfssl\Obj\wolfSSL\wolfSSL\Core_18141034100668064349.dir\keys.o"
#        "D:\STM32\new-work\JIO\Source Code\walfssl
#        -stm32G0\EWARM\walfssl\Obj\wolfSSL\wolfCrypt\Core_12094144932994212940.dir\logging.o"
#        "D:\STM32\new-work\JIO\Source Code\walfssl
#        -stm32G0\EWARM\walfssl\Obj\Core_13247989168731456611.dir\main.o"
#        "D:\STM32\new-work\JIO\Source Code\walfssl
#        -stm32G0\EWARM\walfssl\Obj\wolfSSL\wolfCrypt\Core_12094144932994212940.dir\md2.o"
#        "D:\STM32\new-work\JIO\Source Code\walfssl
#        -stm32G0\EWARM\walfssl\Obj\wolfSSL\wolfCrypt\Core_12094144932994212940.dir\md4.o"
#        "D:\STM32\new-work\JIO\Source Code\walfssl
#        -stm32G0\EWARM\walfssl\Obj\wolfSSL\wolfCrypt\Core_12094144932994212940.dir\md5.o"
#        "D:\STM32\new-work\JIO\Source Code\walfssl
#        -stm32G0\EWARM\walfssl\Obj\wolfSSL\wolfCrypt\Core_12094144932994212940.dir\memory.o"
#        "D:\STM32\new-work\JIO\Source Code\walfssl
#        -stm32G0\EWARM\walfssl\Obj\wolfSSL\wolfCrypt\Core_12094144932994212940.dir\misc.o"
#        "D:\STM32\new-work\JIO\Source Code\walfssl
#        -stm32G0\EWARM\walfssl\Obj\wolfSSL\wolfSSL\Core_18141034100668064349.dir\ocsp.o"
#        "D:\STM32\new-work\JIO\Source Code\walfssl
#        -stm32G0\EWARM\walfssl\Obj\wolfSSL\wolfSSL\Core_18141034100668064349.dir\pk.o"
#        "D:\STM32\new-work\JIO\Source Code\walfssl
#        -stm32G0\EWARM\walfssl\Obj\wolfSSL\wolfCrypt\Core_12094144932994212940.dir\pkcs12.o"
#        "D:\STM32\new-work\JIO\Source Code\walfssl
#        -stm32G0\EWARM\walfssl\Obj\wolfSSL\wolfCrypt\Core_12094144932994212940.dir\pkcs7.o"
#        "D:\STM32\new-work\JIO\Source Code\walfssl
#        -stm32G0\EWARM\walfssl\Obj\wolfSSL\wolfCrypt\Core_12094144932994212940.dir\poly1305.o"
#        "D:\STM32\new-work\JIO\Source Code\walfssl
#        -stm32G0\EWARM\walfssl\Obj\wolfSSL\wolfCrypt\Core_12094144932994212940.dir\pwdbased.o"
#        "D:\STM32\new-work\JIO\Source Code\walfssl
#        -stm32G0\EWARM\walfssl\Obj\wolfSSL\wolfSSL\Core_18141034100668064349.dir\quic.o"
#        "D:\STM32\new-work\JIO\Source Code\walfssl
#        -stm32G0\EWARM\walfssl\Obj\wolfSSL\wolfCrypt\Core_12094144932994212940.dir\random.o"
#        "D:\STM32\new-work\JIO\Source Code\walfssl
#        -stm32G0\EWARM\walfssl\Obj\wolfSSL\wolfCrypt\Core_12094144932994212940.dir\rc2.o"
#        "D:\STM32\new-work\JIO\Source Code\walfssl
#        -stm32G0\EWARM\walfssl\Obj\wolfSSL\wolfCrypt\Core_12094144932994212940.dir\ripemd.o"
#        "D:\STM32\new-work\JIO\Source Code\walfssl
#        -stm32G0\EWARM\walfssl\Obj\wolfSSL\wolfCrypt\Core_12094144932994212940.dir\rsa.o"
#        "D:\STM32\new-work\JIO\Source Code\walfssl
#        -stm32G0\EWARM\walfssl\Obj\wolfSSL\wolfCrypt\Core_12094144932994212940.dir\sakke.o"
#        "D:\STM32\new-work\JIO\Source Code\walfssl
#        -stm32G0\EWARM\walfssl\Obj\wolfSSL\wolfCrypt\Core_12094144932994212940.dir\sha.o"
#        "D:\STM32\new-work\JIO\Source Code\walfssl
#        -stm32G0\EWARM\walfssl\Obj\wolfSSL\wolfCrypt\Core_12094144932994212940.dir\sha256.o"
#        "D:\STM32\new-work\JIO\Source Code\walfssl
#        -stm32G0\EWARM\walfssl\Obj\wolfSSL\wolfCrypt\Core_12094144932994212940.dir\sha3.o"
#        "D:\STM32\new-work\JIO\Source Code\walfssl
#        -stm32G0\EWARM\walfssl\Obj\wolfSSL\wolfCrypt\Core_12094144932994212940.dir\sha512.o"
#        "D:\STM32\new-work\JIO\Source Code\walfssl
#        -stm32G0\EWARM\walfssl\Obj\wolfSSL\wolfCrypt\Core_12094144932994212940.dir\signature.o"
#        "D:\STM32\new-work\JIO\Source Code\walfssl
#        -stm32G0\EWARM\walfssl\Obj\wolfSSL\wolfSSL\Core_18141034100668064349.dir\sniffer.o"
#        "D:\STM32\new-work\JIO\Source Code\walfssl
#        -stm32G0\EWARM\walfssl\Obj\wolfSSL\wolfCrypt\Core_12094144932994212940.dir\sp_arm32.o"
#        "D:\STM32\new-work\JIO\Source Code\walfssl
#        -stm32G0\EWARM\walfssl\Obj\wolfSSL\wolfCrypt\Core_12094144932994212940.dir\sp_arm64.o"
#        "D:\STM32\new-work\JIO\Source Code\walfssl
#        -stm32G0\EWARM\walfssl\Obj\wolfSSL\wolfCrypt\Core_12094144932994212940.dir\sp_armthumb.o"
#        "D:\STM32\new-work\JIO\Source Code\walfssl
#        -stm32G0\EWARM\walfssl\Obj\wolfSSL\wolfCrypt\Core_12094144932994212940.dir\sp_c32.o"
#        "D:\STM32\new-work\JIO\Source Code\walfssl
#        -stm32G0\EWARM\walfssl\Obj\wolfSSL\wolfCrypt\Core_12094144932994212940.dir\sp_c64.o"
#        "D:\STM32\new-work\JIO\Source Code\walfssl
#        -stm32G0\EWARM\walfssl\Obj\wolfSSL\wolfCrypt\Core_12094144932994212940.dir\sp_cortexm.o"
#        "D:\STM32\new-work\JIO\Source Code\walfssl
#        -stm32G0\EWARM\walfssl\Obj\wolfSSL\wolfCrypt\Core_12094144932994212940.dir\sp_dsp32.o"
#        "D:\STM32\new-work\JIO\Source Code\walfssl
#        -stm32G0\EWARM\walfssl\Obj\wolfSSL\wolfCrypt\Core_12094144932994212940.dir\sp_int.o"
#        "D:\STM32\new-work\JIO\Source Code\walfssl
#        -stm32G0\EWARM\walfssl\Obj\wolfSSL\wolfCrypt\Core_12094144932994212940.dir\sp_x86_64.o"
#        "D:\STM32\new-work\JIO\Source Code\walfssl
#        -stm32G0\EWARM\walfssl\Obj\wolfSSL\wolfCrypt\Core_12094144932994212940.dir\srp.o"
#        "D:\STM32\new-work\JIO\Source Code\walfssl
#        -stm32G0\EWARM\walfssl\Obj\wolfSSL\wolfSSL\Core_18141034100668064349.dir\ssl.o"
#        "D:\STM32\new-work\JIO\Source Code\walfssl
#        -stm32G0\EWARM\walfssl\Obj\wolfSSL\wolfSSL\Core_18141034100668064349.dir\ssl_misc.o"
#        "D:\STM32\new-work\JIO\Source Code\walfssl
#        -stm32G0\EWARM\walfssl\Obj\EWARM_18443280873093131863.dir\startup_stm32g0b1xx.o"
#        "D:\STM32\new-work\JIO\Source Code\walfssl
#        -stm32G0\EWARM\walfssl\Obj\wolfSSL\wolfCrypt\Core_12094144932994212940.dir\stm32.o"
#        "D:\STM32\new-work\JIO\Source Code\walfssl
#        -stm32G0\EWARM\walfssl\Obj\STM32G0xx_HAL_Driver_14800413719917403617.dir\stm32g0xx_hal.o"
#        "D:\STM32\new-work\JIO\Source Code\walfssl
#        -stm32G0\EWARM\walfssl\Obj\STM32G0xx_HAL_Driver_14800413719917403617.dir\stm32g0xx_hal_cortex.o"
#        "D:\STM32\new-work\JIO\Source Code\walfssl
#        -stm32G0\EWARM\walfssl\Obj\STM32G0xx_HAL_Driver_14800413719917403617.dir\stm32g0xx_hal_dma.o"
#        "D:\STM32\new-work\JIO\Source Code\walfssl
#        -stm32G0\EWARM\walfssl\Obj\STM32G0xx_HAL_Driver_14800413719917403617.dir\stm32g0xx_hal_dma_ex.o"
#        "D:\STM32\new-work\JIO\Source Code\walfssl
#        -stm32G0\EWARM\walfssl\Obj\STM32G0xx_HAL_Driver_14800413719917403617.dir\stm32g0xx_hal_exti.o"
#        "D:\STM32\new-work\JIO\Source Code\walfssl
#        -stm32G0\EWARM\walfssl\Obj\STM32G0xx_HAL_Driver_14800413719917403617.dir\stm32g0xx_hal_flash.o"
#        "D:\STM32\new-work\JIO\Source Code\walfssl
#        -stm32G0\EWARM\walfssl\Obj\STM32G0xx_HAL_Driver_14800413719917403617.dir\stm32g0xx_hal_flash_ex.o"
#        "D:\STM32\new-work\JIO\Source Code\walfssl
#        -stm32G0\EWARM\walfssl\Obj\STM32G0xx_HAL_Driver_14800413719917403617.dir\stm32g0xx_hal_gpio.o"
#        "D:\STM32\new-work\JIO\Source Code\walfssl
#        -stm32G0\EWARM\walfssl\Obj\Core_13247989168731456611.dir\stm32g0xx_hal_msp.o"
#        "D:\STM32\new-work\JIO\Source Code\walfssl
#        -stm32G0\EWARM\walfssl\Obj\STM32G0xx_HAL_Driver_14800413719917403617.dir\stm32g0xx_hal_pwr.o"
#        "D:\STM32\new-work\JIO\Source Code\walfssl
#        -stm32G0\EWARM\walfssl\Obj\STM32G0xx_HAL_Driver_14800413719917403617.dir\stm32g0xx_hal_pwr_ex.o"
#        "D:\STM32\new-work\JIO\Source Code\walfssl
#        -stm32G0\EWARM\walfssl\Obj\STM32G0xx_HAL_Driver_14800413719917403617.dir\stm32g0xx_hal_rcc.o"
#        "D:\STM32\new-work\JIO\Source Code\walfssl
#        -stm32G0\EWARM\walfssl\Obj\STM32G0xx_HAL_Driver_14800413719917403617.dir\stm32g0xx_hal_rcc_ex.o"
#        "D:\STM32\new-work\JIO\Source Code\walfssl
#        -stm32G0\EWARM\walfssl\Obj\STM32G0xx_HAL_Driver_14800413719917403617.dir\stm32g0xx_hal_tim.o"
#        "D:\STM32\new-work\JIO\Source Code\walfssl
#        -stm32G0\EWARM\walfssl\Obj\STM32G0xx_HAL_Driver_14800413719917403617.dir\stm32g0xx_hal_tim_ex.o"
#        "D:\STM32\new-work\JIO\Source Code\walfssl
#        -stm32G0\EWARM\walfssl\Obj\Core_13247989168731456611.dir\stm32g0xx_it.o"
#        "D:\STM32\new-work\JIO\Source Code\walfssl
#        -stm32G0\EWARM\walfssl\Obj\STM32G0xx_HAL_Driver_14800413719917403617.dir\stm32g0xx_ll_crs.o"
#        "D:\STM32\new-work\JIO\Source Code\walfssl
#        -stm32G0\EWARM\walfssl\Obj\STM32G0xx_HAL_Driver_14800413719917403617.dir\stm32g0xx_ll_dma.o"
#        "D:\STM32\new-work\JIO\Source Code\walfssl
#        -stm32G0\EWARM\walfssl\Obj\STM32G0xx_HAL_Driver_14800413719917403617.dir\stm32g0xx_ll_exti.o"
#        "D:\STM32\new-work\JIO\Source Code\walfssl
#        -stm32G0\EWARM\walfssl\Obj\STM32G0xx_HAL_Driver_14800413719917403617.dir\stm32g0xx_ll_gpio.o"
#        "D:\STM32\new-work\JIO\Source Code\walfssl
#        -stm32G0\EWARM\walfssl\Obj\STM32G0xx_HAL_Driver_14800413719917403617.dir\stm32g0xx_ll_rcc.o"
#        "D:\STM32\new-work\JIO\Source Code\walfssl
#        -stm32G0\EWARM\walfssl\Obj\STM32G0xx_HAL_Driver_14800413719917403617.dir\stm32g0xx_ll_utils.o"
#        "D:\STM32\new-work\JIO\Source Code\walfssl
#        -stm32G0\EWARM\walfssl\Obj\wolfSSL\wolfCrypt\Core_12094144932994212940.dir\stsafe.o"
#        "D:\STM32\new-work\JIO\Source Code\walfssl
#        -stm32G0\EWARM\walfssl\Obj\CMSIS_6603591812247902717.dir\system_stm32g0xx.o"
#        "D:\STM32\new-work\JIO\Source Code\walfssl
#        -stm32G0\EWARM\walfssl\Obj\wolfSSL\wolfCrypt\Test_15629031776329140406.dir\test.o"
#        "D:\STM32\new-work\JIO\Source Code\walfssl
#        -stm32G0\EWARM\walfssl\Obj\wolfSSL\wolfCrypt\Core_12094144932994212940.dir\tfm.o"
#        "D:\STM32\new-work\JIO\Source Code\walfssl
#        -stm32G0\EWARM\walfssl\Obj\wolfSSL\wolfSSL\Core_18141034100668064349.dir\tls.o"
#        "D:\STM32\new-work\JIO\Source Code\walfssl
#        -stm32G0\EWARM\walfssl\Obj\wolfSSL\wolfSSL\Core_18141034100668064349.dir\tls13.o"
#        "D:\STM32\new-work\JIO\Source Code\walfssl
#        -stm32G0\EWARM\walfssl\Obj\wolfSSL\wolfCrypt\Core_12094144932994212940.dir\wc_dsp.o"
#        "D:\STM32\new-work\JIO\Source Code\walfssl
#        -stm32G0\EWARM\walfssl\Obj\wolfSSL\wolfCrypt\Core_12094144932994212940.dir\wc_encrypt.o"
#        "D:\STM32\new-work\JIO\Source Code\walfssl
#        -stm32G0\EWARM\walfssl\Obj\wolfSSL\wolfCrypt\Core_12094144932994212940.dir\wc_pkcs11.o"
#        "D:\STM32\new-work\JIO\Source Code\walfssl
#        -stm32G0\EWARM\walfssl\Obj\wolfSSL\wolfCrypt\Core_12094144932994212940.dir\wc_port.o"
#        "D:\STM32\new-work\JIO\Source Code\walfssl
#        -stm32G0\EWARM\walfssl\Obj\wolfSSL\wolfCrypt\Core_12094144932994212940.dir\wolfevent.o"
#        "D:\STM32\new-work\JIO\Source Code\walfssl
#        -stm32G0\EWARM\walfssl\Obj\wolfSSL\wolfSSL\Core_18141034100668064349.dir\wolfio.o"
#        "D:\STM32\new-work\JIO\Source Code\walfssl
#        -stm32G0\EWARM\walfssl\Obj\wolfSSL\wolfCrypt\Core_12094144932994212940.dir\wolfmath.o"
#        "D:\STM32\new-work\JIO\Source Code\walfssl
#        -stm32G0\EWARM\walfssl\Obj\wolfSSL\wolfCrypt\Test_15629031776329140406.dir\wolfssl_example.o"
#        "D:\STM32\new-work\JIO\Source Code\walfssl
#        -stm32G0\EWARM\walfssl\Obj\wolfSSL\wolfSSL\Core_18141034100668064349.dir\x509.o"
#        "D:\STM32\new-work\JIO\Source Code\walfssl
#        -stm32G0\EWARM\walfssl\Obj\wolfSSL\wolfSSL\Core_18141034100668064349.dir\x509_str.o"
#        --no_out_extension -o "D:\STM32\new-work\JIO\Source Code\walfssl
#        -stm32G0\EWARM\walfssl\Exe\walfssl.out" --redirect
#        _Printf=_PrintfFullNoMb --redirect _Scanf=_ScanfFullNoMb --map
#        "D:\STM32\new-work\JIO\Source Code\walfssl
#        -stm32G0\EWARM\walfssl\List\walfssl.map" --config
#        "D:\STM32\new-work\JIO\Source Code\walfssl
#        -stm32G0\EWARM/stm32g0b1xx_flash.icf" --semihosting --entry
#        __iar_program_start --vfe --text_out locale --cpu=Cortex-M0+
#        --fpu=None) --dependencies=n "D:\STM32\new-work\JIO\Source
#        Code\walfssl -stm32G0\EWARM\walfssl\Exe\walfssl.out.iar_deps"
#
###############################################################################

*******************************************************************************
*** RUNTIME MODEL ATTRIBUTES
***

CppFlavor       = *
__CPP_Runtime   = 1
__Heap_Handler  = Basic
__SystemLibrary = DLib
__dlib_version  = 6


*******************************************************************************
*** HEAP SELECTION
***

The basic heap was selected because --advanced_heap
was not specified and the application did not appear to
be primarily optimized for speed.


*******************************************************************************
*** PLACEMENT SUMMARY
***

"A0":  place at address 0x800'0000 { ro section .intvec };
"P1":  place in [from 0x800'0000 to 0x807'ffff] { ro };
define block CSTACK with size = 1K, alignment = 8 { };
define block HEAP with size = 592, alignment = 8 { };
"P2":  place in [from 0x2000'0000 to 0x2002'3fff] {
          rw, block CSTACK, block HEAP };
initialize by copy { rw };

  Section            Kind         Address  Aligment    Size  Object
  -------            ----         -------  --------    ----  ------
"A0":                                                  0xbc
  .intvec            ro code   0x800'0000         4    0xbc  startup_stm32g0b1xx.o [3]
                             - 0x800'00bc              0xbc

"P1":                                                0x4f2c
  .text              ro code   0x800'00bc         4   0xf86  xprintffull_nomb.o [8]
  .rodata            const     0x800'1042         2     0x2  xlocale_c.o [8]
  .text              ro code   0x800'1044         4    0x12  strchr.o [10]
  .text              ro code   0x800'1056         2     0x2  startup_stm32g0b1xx.o [3]
  .text              ro code   0x800'1058         4    0x48  xfail_s.o [8]
  .text              ro code   0x800'10a0         4     0xe  strlen.o [10]
  .text              ro code   0x800'10ae         2     0x2  startup_stm32g0b1xx.o [3]
  .text              ro code   0x800'10b0         4    0x16  memchr.o [10]
  .text              ro code   0x800'10c6         2     0x2  startup_stm32g0b1xx.o [3]
  .text              ro code   0x800'10c8         4    0x4e  ABImemcpy.o [10]
  .text              ro code   0x800'1116         2    0x2a  frexp.o [9]
  .text              ro code   0x800'1140         2    0x32  DblCmpLe.o [9]
  .text              ro code   0x800'1172         2    0x32  DblCmpGe.o [9]
  .text              ro code   0x800'11a4         2    0x70  ldexp.o [9]
  .text              ro code   0x800'1214         4    0x52  DblToI32.o [9]
  .text              ro code   0x800'1266         2     0x2  startup_stm32g0b1xx.o [3]
  .text              ro code   0x800'1268         4    0x34  IxxToDbl.o [9]
  .text              ro code   0x800'129c         2   0x1a8  DblAddSub.o [9]
  .text              ro code   0x800'1444         2    0xe0  I32DivModFast.o [10]
  .text              ro code   0x800'1524         2    0xc2  DblDiv.o [9]
  .text              ro code   0x800'15e6         2   0x184  DblMul.o [9]
  .text              ro code   0x800'176a         2     0x2  startup_stm32g0b1xx.o [3]
  .text              ro code   0x800'176c         4     0xc  xlocale_c.o [8]
  .text              ro code   0x800'1778         2    0x7c  I64DivMod.o [10]
  .text              ro code   0x800'17f4         2     0xa  abort.o [8]
  .text              ro code   0x800'17fe         2     0x2  startup_stm32g0b1xx.o [3]
  .text              ro code   0x800'1800         4     0x2  IntDivZer.o [10]
  .text              ro code   0x800'1802         2     0x2  startup_stm32g0b1xx.o [3]
  .text              ro code   0x800'1804         4     0x2  I64DivZer.o [10]
  .text              ro code   0x800'1806         2     0x2  startup_stm32g0b1xx.o [3]
  .text              ro code   0x800'1808         4    0x14  exit.o [11]
  .text              ro code   0x800'181c         4    0x7c  iarttio.o [11]
  .text              ro code   0x800'1898         4     0x8  XShttio.o [8]
  .text              ro code   0x800'18a0         4   0xd1c  md5.o [5]
  .text              ro code   0x800'25bc         4    0x4e  ABImemset.o [10]
  .text              ro code   0x800'260a         2     0x2  startup_stm32g0b1xx.o [3]
  .text              ro code   0x800'260c         4   0x946  sha256.o [5]
  .text              ro code   0x800'2f52         2     0x2  startup_stm32g0b1xx.o [3]
  .text              ro code   0x800'2f54         4    0x44  memory.o [5]
  .text              ro code   0x800'2f98         4   0x140  heap0.o [8]
  .text              ro code   0x800'30d8         2     0x8  heaptramp0.o [8]
  .text              ro code   0x800'30e0         4    0x2c  xgetmemchunk.o [8]
  .text              ro code   0x800'310c         4   0x7a8  stm32g0xx_hal_rcc.o [4]
  .text              ro code   0x800'38b4         4     0xc  stm32g0xx_hal.o [4]
  .text              ro code   0x800'38c0         4    0x64  stm32g0xx_hal.o [4]
  .text              ro code   0x800'3924         4    0xf4  stm32g0xx_hal_cortex.o [4]
  .text              ro code   0x800'3a18         2   0x3c8  hmac.o [5]
  .text              ro code   0x800'3de0         2   0x230  pwdbased.o [5]
  .text              ro code   0x800'4010         4    0x8a  hash.o [5]
  .text              ro code   0x800'409a         2     0x2  startup_stm32g0b1xx.o [3]
  .text              ro code   0x800'409c         4   0x17e  main.o [2]
  .text              ro code   0x800'421a         2     0x2  startup_stm32g0b1xx.o [3]
  .text              ro code   0x800'421c         4    0x44  stm32g0xx_hal.o [4]
  .text              ro code   0x800'4260         4    0x82  wc_port.o [5]
  .text              ro code   0x800'42e2         2     0x2  startup_stm32g0b1xx.o [3]
  .text              ro code   0x800'42e4         4    0x28  printf.o [8]
  .text              ro code   0x800'430c         4    0x58  stm32g0xx_hal_pwr_ex.o [4]
  .text              ro code   0x800'4364         4    0x3c  stm32g0xx_hal_msp.o [2]
  .text              ro code   0x800'43a0         4    0xc0  logging.o [5]
  .text              ro code   0x800'4460         4    0x40  fprintf.o [8]
  .text              ro code   0x800'44a0         4    0x4c  snprintf.o [8]
  .rodata            const     0x800'44ec         4   0x100  sha256.o [5]
  .text              ro code   0x800'45ec         4    0xdc  xfspos.o [8]
  .text              ro code   0x800'46c8         4    0xb4  fflush.o [8]
  .text              ro code   0x800'477c         2     0xc  xfgpos.o [8]
  .text              ro code   0x800'4788         2    0x4e  lseek.o [11]
  .text              ro code   0x800'47d6         2    0x10  write.o [11]
  .text              ro code   0x800'47e6         2     0x2  startup_stm32g0b1xx.o [3]
  .text              ro code   0x800'47e8         4    0xc4  XShHandles.o [8]
  .text              ro code   0x800'48ac         2    0x1e  dwrite.o [11]
  .text              ro code   0x800'48ca         2    0x20  iarwstd.o [11]
  .text              ro code   0x800'48ea         2    0x22  iarwrite.o [11]
  .text              ro code   0x800'490c         4    0xc0  xfwprep.o [8]
  .text              ro code   0x800'49cc         2    0x24  fseek.o [8]
  .text              ro code   0x800'49f0         4    0x98  xfofind.o [8]
  .text              ro code   0x800'4a88         2    0x80  fclose.o [8]
  .text              ro code   0x800'4b08         2    0x18  close.o [11]
  .text              ro code   0x800'4b20         2    0x14  remove.o [11]
  .text              ro code   0x800'4b34         2    0x80  lz77_init_single.o [10]
  .rodata            const     0x800'4bb4         4    0x6a  xprintffull_nomb.o [8]
  .text              ro code   0x800'4c1e         2    0x54  fputc.o [8]
  .text              ro code   0x800'4c72         2     0x2  startup_stm32g0b1xx.o [3]
  .text              ro code   0x800'4c74         4    0x44  putchar.o [8]
  .rodata            const     0x800'4cb8         4    0x40  system_stm32g0xx.o [1]
  .text              ro code   0x800'4cf8         4    0x3c  xcloseall.o [8]
  .text              ro code   0x800'4d34         2    0x3c  zero_init3.o [10]
  .text              ro code   0x800'4d70         4    0x2a  data_init.o [10]
  .iar.init_table    const     0x800'4d9c         4    0x20  - Linker created -
  .text              ro code   0x800'4dbc         2     0x2  startup_stm32g0b1xx.o [3]
  .rodata            const     0x800'4dc0         4    0x20  wc_port.o [5]
  .text              ro code   0x800'4de0         4    0x1e  cmain.o [10]
  .text              ro code   0x800'4dfe         2     0x4  low_level_init.o [8]
  .text              ro code   0x800'4e02         2     0x8  exit.o [8]
  .text              ro code   0x800'4e0a         2     0x2  startup_stm32g0b1xx.o [3]
  .text              ro code   0x800'4e0c         4     0xe  cexit.o [10]
  .text              ro code   0x800'4e1a         2     0x2  startup_stm32g0b1xx.o [3]
  .rodata            const     0x800'4e1c         4    0x1c  wc_port.o [5]
  .text              ro code   0x800'4e38         4    0x1c  cstartup_M.o [10]
  .text              ro code   0x800'4e54         2    0x1c  xsnprout.o [8]
  .rodata            const     0x800'4e70         4    0x18  main.o [2]
  .text              ro code   0x800'4e88         4    0x18  stm32g0xx_hal.o [4]
  .text              ro code   0x800'4ea0         2    0x18  xfprout.o [8]
  .text              ro code   0x800'4eb8         2    0x16  xprout.o [8]
  .text              ro code   0x800'4ece         2     0x2  startup_stm32g0b1xx.o [3]
  .rodata            const     0x800'4ed0         4    0x14  logging.o [5]
  .rodata            const     0x800'4ee4         4    0x14  main.o [2]
  .text              ro code   0x800'4ef8         2    0x14  stm32g0xx_it.o [2]
  .rodata            const     0x800'4f0c         4    0x10  logging.o [5]
  .rodata            const     0x800'4f1c         4    0x10  main.o [2]
  .rodata            const     0x800'4f2c         4    0x10  main.o [2]
  .rodata            const     0x800'4f3c         4    0x10  wc_port.o [5]
  .text              ro code   0x800'4f4c         4    0x10  startup_stm32g0b1xx.o [3]
  .text              ro code   0x800'4f5c         2     0x2  startup_stm32g0b1xx.o [3]
  .text              ro code   0x800'4f5e         2     0x2  startup_stm32g0b1xx.o [3]
  .text              ro code   0x800'4f60         2     0x2  startup_stm32g0b1xx.o [3]
  .text              ro code   0x800'4f62         2     0x2  startup_stm32g0b1xx.o [3]
  .text              ro code   0x800'4f64         2     0x2  startup_stm32g0b1xx.o [3]
  .text              ro code   0x800'4f66         2     0x2  startup_stm32g0b1xx.o [3]
  .text              ro code   0x800'4f68         2     0x2  startup_stm32g0b1xx.o [3]
  .text              ro code   0x800'4f6a         2     0x2  startup_stm32g0b1xx.o [3]
  .text              ro code   0x800'4f6c         2     0x2  startup_stm32g0b1xx.o [3]
  .text              ro code   0x800'4f6e         2     0x2  startup_stm32g0b1xx.o [3]
  .text              ro code   0x800'4f70         2     0x2  startup_stm32g0b1xx.o [3]
  .text              ro code   0x800'4f72         2     0x2  startup_stm32g0b1xx.o [3]
  .text              ro code   0x800'4f74         4     0x2  system_stm32g0xx.o [1]
  .rodata            const     0x800'4f76               0x1  xlocale_c.o [8]
  .text              ro code   0x800'4f78         4     0x0  cstart_closeall.o [10]
  .rodata            const     0x800'4f78               0x0  zero_init3.o [10]
  .rodata            const     0x800'4f78               0x0  lz77_init_single.o [10]
  Initializer bytes  const     0x800'4f78              0x70  <for P2-1>
                             - 0x800'4fe8            0x4f2c

"P2", part 1 of 3:                                    0x141
  P2-1                        0x2000'0000             0x141  <Init block>
    .data            inited   0x2000'0000         4     0x4  stm32g0xx_hal.o [4]
    .data            inited   0x2000'0004         4     0x4  system_stm32g0xx.o [1]
    .data            inited   0x2000'0008         4    0x48  xfiles.o [8]
    .data            inited   0x2000'0050         4    0x48  xfiles.o [8]
    .data            inited   0x2000'0098         4    0x48  xfiles.o [8]
    .data            inited   0x2000'00e0         4    0x20  xfiles.o [8]
    .data            inited   0x2000'0100         4    0x38  xlocale_c.o [8]
    .data            inited   0x2000'0138         4     0x8  XShttio.o [8]
    .data            inited   0x2000'0140               0x1  stm32g0xx_hal.o [4]
                            - 0x2000'0141             0x141

"P2", part 2 of 3:                                    0x164
  .bss               zero     0x2000'0144         4    0x80  XShHandles.o [8]
  .bss               zero     0x2000'01c4         4    0x50  xfiles.o [8]
  .bss               zero     0x2000'0214         4    0x50  xfiles.o [8]
  .bss               zero     0x2000'0264         4     0x8  heap0.o [8]
  .bss               zero     0x2000'026c         4     0x4  logging.o [5]
  .bss               zero     0x2000'0270         4     0x4  logging.o [5]
  .bss               zero     0x2000'0274         4     0x4  logging.o [5]
  .bss               zero     0x2000'0278         4     0x4  logging.o [5]
  .bss               zero     0x2000'027c         4     0x4  logging.o [5]
  .bss               zero     0x2000'0280         4     0x4  logging.o [5]
  .bss               zero     0x2000'0284         4     0x4  logging.o [5]
  .bss               zero     0x2000'0288         4     0x4  memory.o [5]
  .bss               zero     0x2000'028c         4     0x4  memory.o [5]
  .bss               zero     0x2000'0290         4     0x4  stm32g0xx_hal.o [4]
  .bss               zero     0x2000'0294         4     0x4  wc_port.o [5]
  .bss               zero     0x2000'0298         4     0x4  wc_port.o [5]
  .bss               zero     0x2000'029c         4     0x4  wc_port.o [5]
  .bss               zero     0x2000'02a0         4     0x4  xfail_s.o [8]
  .bss               zero     0x2000'02a4         4     0x4  xgetmemchunk.o [8]
                            - 0x2000'02a8             0x164

"P2", part 3 of 3:                                    0x650
  CSTACK                      0x2000'02a8         8   0x400  <Block>
    CSTACK           uninit   0x2000'02a8             0x400  <Block tail>
  HEAP                        0x2000'06a8         8   0x250  <Block>
    HEAP             uninit   0x2000'06a8             0x250  <Block tail>
                            - 0x2000'08f8             0x650

Unused ranges:

         From           To      Size
         ----           --      ----
   0x800'4fe8   0x807'ffff  0x7'b018
  0x2000'0141  0x2000'0143       0x3
  0x2000'08f8  0x2002'3fff  0x2'3708


*******************************************************************************
*** INIT TABLE
***

          Address      Size
          -------      ----
Zero (__iar_zero_init3)
    1 destination range, total size 0x164:
          0x2000'0144  0x164

Copy/lz77 (__iar_lz77_init_single3)
    1 source range, total size 0x70 (34% of destination):
           0x800'4f78   0x70
    1 destination range, total size 0x141:
          0x2000'0000  0x141



*******************************************************************************
*** MODULE SUMMARY
***

    Module                  ro code  ro data  rw data
    ------                  -------  -------  -------
command line/config:
    -------------------------------------------------
    Total:

D:\STM32\new-work\JIO\Source Code\walfssl -stm32G0\EWARM\walfssl\Obj\CMSIS_6603591812247902717.dir: [1]
    system_stm32g0xx.o            2       65        4
    -------------------------------------------------
    Total:                        2       65        4

D:\STM32\new-work\JIO\Source Code\walfssl -stm32G0\EWARM\walfssl\Obj\Core_13247989168731456611.dir: [2]
    main.o                      382       76
    stm32g0xx_hal_msp.o          60
    stm32g0xx_it.o               20
    -------------------------------------------------
    Total:                      462       76

D:\STM32\new-work\JIO\Source Code\walfssl -stm32G0\EWARM\walfssl\Obj\EWARM_18443280873093131863.dir: [3]
    startup_stm32g0b1xx.o       266
    -------------------------------------------------
    Total:                      266

D:\STM32\new-work\JIO\Source Code\walfssl -stm32G0\EWARM\walfssl\Obj\STM32G0xx_HAL_Driver_14800413719917403617.dir: [4]
    stm32g0xx_hal.o             204        2        9
    stm32g0xx_hal_cortex.o      244
    stm32g0xx_hal_pwr_ex.o       88
    stm32g0xx_hal_rcc.o       1'960
    -------------------------------------------------
    Total:                    2'496        2        9

D:\STM32\new-work\JIO\Source Code\walfssl -stm32G0\EWARM\walfssl\Obj\wolfSSL\wolfCrypt\Core_12094144932994212940.dir: [5]
    hash.o                      138
    hmac.o                      968
    logging.o                   192       36       28
    md5.o                     3'356
    memory.o                     68                 8
    pwdbased.o                  560
    sha256.o                  2'374      256
    wc_port.o                   130       76       12
    -------------------------------------------------
    Total:                    7'786      368       48

D:\STM32\new-work\JIO\Source Code\walfssl -stm32G0\EWARM\walfssl\Obj\wolfSSL\wolfCrypt\Test_15629031776329140406.dir: [6]
    -------------------------------------------------
    Total:

D:\STM32\new-work\JIO\Source Code\walfssl -stm32G0\EWARM\walfssl\Obj\wolfSSL\wolfSSL\Core_18141034100668064349.dir: [7]
    -------------------------------------------------
    Total:

dl6M_tlf.a: [8]
    XShHandles.o                196               128
    XShttio.o                     8        3        8
    abort.o                      10
    exit.o                        8
    fclose.o                    128
    fflush.o                    180
    fprintf.o                    64
    fputc.o                      84
    fseek.o                      36
    heap0.o                     320                 8
    heaptramp0.o                  8
    low_level_init.o              4
    printf.o                     40
    putchar.o                    68
    snprintf.o                   76
    xcloseall.o                  60
    xfail_s.o                    72                 4
    xfgpos.o                     12
    xfiles.o                              87      408
    xfofind.o                   152
    xfprout.o                    24
    xfspos.o                    220
    xfwprep.o                   192
    xgetmemchunk.o               44                 4
    xlocale_c.o                  12       22       56
    xprintffull_nomb.o        3'974      106
    xprout.o                     22
    xsnprout.o                   28
    -------------------------------------------------
    Total:                    6'042      218      616

m6M_tl.a: [9]
    DblAddSub.o                 424
    DblCmpGe.o                   50
    DblCmpLe.o                   50
    DblDiv.o                    194
    DblMul.o                    388
    DblToI32.o                   82
    IxxToDbl.o                   52
    frexp.o                      42
    ldexp.o                     112
    -------------------------------------------------
    Total:                    1'394

rt6M_tl.a: [10]
    ABImemcpy.o                  78
    ABImemset.o                  78
    I32DivModFast.o             224
    I64DivMod.o                 124
    I64DivZer.o                   2
    IntDivZer.o                   2
    cexit.o                      14
    cmain.o                      30
    cstart_closeall.o
    cstartup_M.o                 28
    data_init.o                  42
    lz77_init_single.o          128
    memchr.o                     22
    strchr.o                     18
    strlen.o                     14
    zero_init3.o                 60
    -------------------------------------------------
    Total:                      864

shb_l.a: [11]
    close.o                      24
    dwrite.o                     30
    exit.o                       20
    iarttio.o                   124
    iarwrite.o                   34
    iarwstd.o                    32
    lseek.o                      78
    remove.o                     20
    write.o                      16
    -------------------------------------------------
    Total:                      378

    Gaps                          1        4
    Linker created                        32    1'616
-----------------------------------------------------
    Grand Total:             19'691      765    2'293


*******************************************************************************
*** ENTRY LIST
***

Entry                       Address   Size  Type      Object
-----                       -------   ----  ----      ------
.iar.init_table$$Base    0x800'4d9c          --   Gb  - Linker created -
.iar.init_table$$Limit   0x800'4dbc          --   Gb  - Linker created -
?main                    0x800'4de1         Code  Gb  cmain.o [10]
ADC1_COMP_IRQHandler     0x800'42e3         Code  Wk  startup_stm32g0b1xx.o [3]
AHBPrescTable            0x800'4cb8   0x40  Data  Gb  system_stm32g0xx.o [1]
AddLength                0x800'234d   0x18  Code  Lc  md5.o [5]
AddLength                0x800'2cd1   0x18  Code  Lc  sha256.o [5]
Aldata                  0x2000'0264    0x8  Data  Lc  heap0.o [8]
ByteReverseWord32        0x800'2611    0x6  Code  Lc  sha256.o [5]
ByteReverseWords         0x800'2617   0x26  Code  Lc  sha256.o [5]
CEC_IRQHandler           0x800'4f73         Code  Wk  startup_stm32g0b1xx.o [3]
CSTACK$$Base            0x2000'02a8          --   Gb  - Linker created -
CSTACK$$Limit           0x2000'06a8          --   Gb  - Linker created -
DMA1_Ch4_7_DMA2_Ch1_5_DMAMUX1_OVR_IRQHandler
                         0x800'421b         Code  Wk  startup_stm32g0b1xx.o [3]
DMA1_Channel1_IRQHandler
                         0x800'2f53         Code  Wk  startup_stm32g0b1xx.o [3]
DMA1_Channel2_3_IRQHandler
                         0x800'409b         Code  Wk  startup_stm32g0b1xx.o [3]
EXTI0_1_IRQHandler       0x800'17ff         Code  Wk  startup_stm32g0b1xx.o [3]
EXTI2_3_IRQHandler       0x800'1803         Code  Wk  startup_stm32g0b1xx.o [3]
EXTI4_15_IRQHandler      0x800'1807         Code  Wk  startup_stm32g0b1xx.o [3]
Error_Handler            0x800'4215    0x6  Code  Gb  main.o [2]
FLASH_IRQHandler         0x800'1267         Code  Wk  startup_stm32g0b1xx.o [3]
HAL_GetTick              0x800'38b5    0xc  Code  Wk  stm32g0xx_hal.o [4]
HAL_IncTick              0x800'4e89   0x18  Code  Wk  stm32g0xx_hal.o [4]
HAL_Init                 0x800'421d   0x2a  Code  Gb  stm32g0xx_hal.o [4]
HAL_InitTick             0x800'38c1   0x64  Code  Wk  stm32g0xx_hal.o [4]
HAL_MspInit              0x800'4365   0x3c  Code  Gb  stm32g0xx_hal_msp.o [2]
HAL_NVIC_SetPriority     0x800'39e3   0x14  Code  Gb  stm32g0xx_hal_cortex.o [4]
HAL_PWREx_ControlVoltageScaling
                         0x800'430d   0x42  Code  Gb  stm32g0xx_hal_pwr_ex.o [4]
HAL_RCC_ClockConfig      0x800'363d  0x17c  Code  Gb  stm32g0xx_hal_rcc.o [4]
HAL_RCC_GetSysClockFreq
                         0x800'37cd   0xb4  Code  Gb  stm32g0xx_hal_rcc.o [4]
HAL_RCC_OscConfig        0x800'310d  0x50e  Code  Gb  stm32g0xx_hal_rcc.o [4]
HAL_SYSCFG_StrobeDBattpinsConfig
                         0x800'4247    0xe  Code  Gb  stm32g0xx_hal.o [4]
HAL_SYSTICK_Config       0x800'39f7    0xc  Code  Gb  stm32g0xx_hal_cortex.o [4]
HEAP$$Base              0x2000'06a8          --   Gb  - Linker created -
HEAP$$Limit             0x2000'08f8          --   Gb  - Linker created -
HardFault_Handler        0x800'4efd    0x4  Code  Gb  stm32g0xx_it.o [2]
HmacKeyInnerHash         0x800'3bff   0x46  Code  Lc  hmac.o [5]
I2C1_IRQHandler          0x800'4f65         Code  Wk  startup_stm32g0b1xx.o [3]
I2C2_3_IRQHandler        0x800'4f67         Code  Wk  startup_stm32g0b1xx.o [3]
InitSha256               0x800'2649   0x4c  Code  Lc  sha256.o [5]
K                        0x800'44ec  0x100  Data  Lc  sha256.o [5]
LL_IWDG_Enable           0x800'409d    0x6  Code  Lc  main.o [2]
LL_IWDG_EnableWriteAccess
                         0x800'40a9    0x6  Code  Lc  main.o [2]
LL_IWDG_IsReady          0x800'40bf   0x14  Code  Lc  main.o [2]
LL_IWDG_ReloadCounter    0x800'40a3    0x6  Code  Lc  main.o [2]
LL_IWDG_SetPrescaler     0x800'40af    0x8  Code  Lc  main.o [2]
LL_IWDG_SetReloadCounter
                         0x800'40b7    0x8  Code  Lc  main.o [2]
MX_GPIO_Init             0x800'41d1   0x18  Code  Lc  main.o [2]
MX_IWDG_Init             0x800'419f   0x32  Code  Lc  main.o [2]
NMI_Handler              0x800'4ef9    0x4  Code  Gb  stm32g0xx_it.o [2]
PVD_VDDIO2_IRQHandler    0x800'10af         Code  Wk  startup_stm32g0b1xx.o [3]
PendSV_Handler           0x800'4f03    0x2  Code  Gb  stm32g0xx_it.o [2]
RCC_CRS_IRQHandler       0x800'176b         Code  Wk  startup_stm32g0b1xx.o [3]
RTC_TAMP_IRQHandler      0x800'10c7         Code  Wk  startup_stm32g0b1xx.o [3]
Region$$Table$$Base      0x800'4d9c          --   Gb  - Linker created -
Region$$Table$$Limit     0x800'4dbc          --   Gb  - Linker created -
Reset_Handler            0x800'4f4d         Code  Wk  startup_stm32g0b1xx.o [3]
SPI1_IRQHandler          0x800'4f69         Code  Wk  startup_stm32g0b1xx.o [3]
SPI2_3_IRQHandler        0x800'4f6b         Code  Wk  startup_stm32g0b1xx.o [3]
SVC_Handler              0x800'4f01    0x2  Code  Gb  stm32g0xx_it.o [2]
Sha256Final              0x800'2e25   0xde  Code  Lc  sha256.o [5]
Sha256Update             0x800'2ce9  0x10a  Code  Lc  sha256.o [5]
SysTick_Config           0x800'39b1   0x32  Code  Lc  stm32g0xx_hal_cortex.o [4]
SysTick_Handler          0x800'4f05    0x8  Code  Gb  stm32g0xx_it.o [2]
SystemClock_Config       0x800'4137   0x68  Code  Gb  main.o [2]
SystemCoreClock         0x2000'0004    0x4  Data  Gb  system_stm32g0xx.o [1]
SystemInit               0x800'4f75    0x2  Code  Gb  system_stm32g0xx.o [1]
TIM14_IRQHandler         0x800'4f5d         Code  Wk  startup_stm32g0b1xx.o [3]
TIM15_IRQHandler         0x800'4f5f         Code  Wk  startup_stm32g0b1xx.o [3]
TIM16_FDCAN_IT0_IRQHandler
                         0x800'4f61         Code  Wk  startup_stm32g0b1xx.o [3]
TIM17_FDCAN_IT1_IRQHandler
                         0x800'4f63         Code  Wk  startup_stm32g0b1xx.o [3]
TIM1_BRK_UP_TRG_COM_IRQHandler
                         0x800'47e7         Code  Wk  startup_stm32g0b1xx.o [3]
TIM1_CC_IRQHandler       0x800'4c73         Code  Wk  startup_stm32g0b1xx.o [3]
TIM2_IRQHandler          0x800'4dbd         Code  Wk  startup_stm32g0b1xx.o [3]
TIM3_TIM4_IRQHandler     0x800'4e0b         Code  Wk  startup_stm32g0b1xx.o [3]
TIM6_DAC_LPTIM1_IRQHandler
                         0x800'4e1b         Code  Wk  startup_stm32g0b1xx.o [3]
TIM7_LPTIM2_IRQHandler   0x800'4ecf         Code  Wk  startup_stm32g0b1xx.o [3]
Transform                0x800'18b5  0xa8a  Code  Lc  md5.o [5]
Transform_Sha256         0x800'26d9  0x5f2  Code  Lc  sha256.o [5]
USART1_IRQHandler        0x800'4f6d         Code  Wk  startup_stm32g0b1xx.o [3]
USART2_LPUART2_IRQHandler
                         0x800'4f6f         Code  Wk  startup_stm32g0b1xx.o [3]
USART3_4_5_6_LPUART1_IRQHandler
                         0x800'4f71         Code  Wk  startup_stm32g0b1xx.o [3]
USB_UCPD1_2_IRQHandler   0x800'260b         Code  Wk  startup_stm32g0b1xx.o [3]
WOLFSSL_ENTER            0x800'43db   0x26  Code  Gb  logging.o [5]
WOLFSSL_MSG              0x800'43c5   0x16  Code  Gb  logging.o [5]
WWDG_IRQHandler          0x800'1057         Code  Wk  startup_stm32g0b1xx.o [3]
XorWords                 0x800'3de1   0x22  Code  Lc  pwdbased.o [5]
_Close_all               0x800'4cf9   0x3c  Code  Gb  xcloseall.o [8]
_FProut                  0x800'4ea1   0x18  Code  Gb  xfprout.o [8]
_Files                  0x2000'00e0   0x20  Data  Gb  xfiles.o [8]
_Fofree                  0x800'49f1   0x92  Code  Gb  xfofind.o [8]
_Fspos                   0x800'45ed   0xdc  Code  Gb  xfspos.o [8]
_Fwprep                  0x800'490d   0xc0  Code  Gb  xfwprep.o [8]
_InitHmac                0x800'3a19   0x40  Code  Gb  hmac.o [5]
_InitMd5                 0x800'2365   0x1e  Code  Lc  md5.o [5]
_LC                      0x800'00bd    0x8  Code  Lc  xprintffull_nomb.o [8]
_LitobFullNoMb           0x800'0e9b  0x126  Code  Lc  xprintffull_nomb.o [8]
_Locale_lconv           0x2000'0100   0x38  Data  Lc  xlocale_c.o [8]
_Nnl                     0x800'477d    0xc  Code  Gb  xfgpos.o [8]
_PrintfFullNoMb          0x800'00c5  0xdd6  Code  Gb  xprintffull_nomb.o [8]
_Prout                   0x800'4eb9   0x16  Code  Gb  xprout.o [8]
_PutcharsFullNoMb        0x800'100d   0x36  Code  Lc  xprintffull_nomb.o [8]
_SNProut                 0x800'4e55   0x1c  Code  Gb  xsnprout.o [8]
__ICFEDIT_region_RAM_end__ {Abs}
                        0x2002'3fff         Data  Gb  <internal module>
__ICFEDIT_region_RAM_start__ {Abs}
                        0x2000'0000         Data  Gb  <internal module>
__NVIC_SetPriority       0x800'3925   0x8c  Code  Lc  stm32g0xx_hal_cortex.o [4]
__aeabi_cdcmple          0x800'1141         Code  Gb  DblCmpLe.o [9]
__aeabi_cdrcmple         0x800'1173         Code  Gb  DblCmpGe.o [9]
__aeabi_d2iz             0x800'1215         Code  Gb  DblToI32.o [9]
__aeabi_d2uiz            0x800'1239         Code  Gb  DblToI32.o [9]
__aeabi_ddiv             0x800'1525         Code  Gb  DblDiv.o [9]
__aeabi_dmul             0x800'15e7         Code  Gb  DblMul.o [9]
__aeabi_dsub             0x800'1357         Code  Gb  DblAddSub.o [9]
__aeabi_i2d              0x800'1289         Code  Gb  IxxToDbl.o [9]
__aeabi_idiv             0x800'1471         Code  Gb  I32DivModFast.o [10]
__aeabi_idiv0            0x800'1801         Code  Gb  IntDivZer.o [10]
__aeabi_idivmod          0x800'1471         Code  Gb  I32DivModFast.o [10]
__aeabi_ldiv0            0x800'1805         Code  Gb  I64DivZer.o [10]
__aeabi_memcpy           0x800'10fd         Code  Gb  ABImemcpy.o [10]
__aeabi_memcpy4          0x800'10c9         Code  Gb  ABImemcpy.o [10]
__aeabi_memcpy8          0x800'10c9         Code  Gb  ABImemcpy.o [10]
__aeabi_memset           0x800'25bd         Code  Gb  ABImemset.o [10]
__aeabi_ui2d             0x800'1269         Code  Gb  IxxToDbl.o [9]
__aeabi_uidiv            0x800'1477         Code  Gb  I32DivModFast.o [10]
__aeabi_uidivmod         0x800'1477         Code  Gb  I32DivModFast.o [10]
__aeabi_uldivmod         0x800'1779         Code  Gb  I64DivMod.o [10]
__basic_free             0x800'3049   0x16  Code  Gb  heap0.o [8]
__basic_free_intern      0x800'305f   0x76  Code  Lc  heap0.o [8]
__basic_malloc           0x800'2f99   0x18  Code  Gb  heap0.o [8]
__basic_malloc_intern    0x800'2fb1   0x98  Code  Lc  heap0.o [8]
__cexit_closeall         0x800'4e0f         Code  Gb  cexit.o [10]
__close                  0x800'4b09   0x18  Code  Gb  close.o [11]
__cmain                  0x800'4de1         Code  Gb  cmain.o [10]
__cstart_closeall        0x800'4f78         Data  Gb  cstart_closeall.o [10]
__data_GetMemChunk       0x800'30e1   0x2c  Code  Gb  xgetmemchunk.o [8]
__data_GetMemChunk::start
                        0x2000'02a4    0x4  Data  Lc  xgetmemchunk.o [8]
__dwrite                 0x800'48ad   0x1e  Code  Gb  dwrite.o [11]
__exit                   0x800'1809   0x14  Code  Gb  exit.o [11]
__iar_Fail_s             0x800'1059   0x22  Code  Gb  xfail_s.o [8]
__iar_Memchr             0x800'10b1         Code  Gb  memchr.o [10]
__iar_Memcpy             0x800'1109         Code  Gb  ABImemcpy.o [10]
__iar_Memset4_word       0x800'25dd         Code  Gb  ABImemset.o [10]
__iar_Memset_word        0x800'25c9         Code  Gb  ABImemset.o [10]
__iar_Stderr            0x2000'0098   0x48  Data  Gb  xfiles.o [8]
__iar_Stdin             0x2000'0008   0x48  Data  Gb  xfiles.o [8]
__iar_Stdout            0x2000'0050   0x48  Data  Gb  xfiles.o [8]
__iar_Strchr             0x800'1045         Code  Gb  strchr.o [10]
__iar_close_ttio         0x800'181d   0x2c  Code  Gb  iarttio.o [11]
__iar_d2uiz              0x800'123d         Code  Gb  DblToI32.o [9]
__iar_data_init3         0x800'4d71   0x18  Code  Gb  data_init.o [10]
__iar_frexp              0x800'1123         Code  Gb  frexp.o [9]
__iar_frexp64            0x800'1117         Code  Gb  frexp.o [9]
__iar_frexpl             0x800'1123         Code  Gb  frexp.o [9]
__iar_get_ttio           0x800'1849   0x4c  Code  Gb  iarttio.o [11]
__iar_ldexp64            0x800'11a5         Code  Gb  ldexp.o [9]
__iar_lookup_ttioh       0x800'1899    0x8  Code  Gb  XShttio.o [8]
__iar_lz77_init_single3
                         0x800'4b35   0x80  Code  Gb  lz77_init_single.o [10]
__iar_program_start      0x800'4e39         Code  Gb  cstartup_M.o [10]
__iar_scalbln64          0x800'11a5         Code  Gb  ldexp.o [9]
__iar_scalbn64           0x800'11a5         Code  Gb  ldexp.o [9]
__iar_sh_Discard         0x800'47e9   0x3e  Code  Gb  XShHandles.o [8]
__iar_sh_Move            0x800'4827   0x44  Code  Gb  XShHandles.o [8]
__iar_sh_Pos             0x800'486b   0x3e  Code  Gb  XShHandles.o [8]
__iar_sh_stdout          0x800'48cb   0x20  Code  Gb  iarwstd.o [11]
__iar_sh_write           0x800'48eb   0x22  Code  Gb  iarwrite.o [11]
__iar_ttio_handles      0x2000'0138    0x8  Data  Lc  XShttio.o [8]
__iar_zero_init3         0x800'4d35   0x3c  Code  Gb  zero_init3.o [10]
__low_level_init         0x800'4dff    0x4  Code  Gb  low_level_init.o [8]
__lseek                  0x800'4789   0x4e  Code  Gb  lseek.o [11]
__vector_table           0x800'0000         Data  Gb  startup_stm32g0b1xx.o [3]
__write                  0x800'47d7   0x10  Code  Gb  write.o [11]
_call_main               0x800'4ded         Code  Gb  cmain.o [10]
_exit                    0x800'4e0d         Code  Gb  cexit.o [10]
abort                    0x800'17f5    0xa  Code  Gb  abort.o [8]
ebuf                    0x2000'01c4   0x50  Data  Lc  xfiles.o [8]
exit                     0x800'4e03    0x8  Code  Gb  exit.o [8]
fclose                   0x800'4a89   0x80  Code  Gb  fclose.o [8]
fflush                   0x800'473d   0x38  Code  Gb  fflush.o [8]
fflushOne                0x800'46c9   0x74  Code  Lc  fflush.o [8]
fprintf                  0x800'4461   0x40  Code  Gb  fprintf.o [8]
fputc                    0x800'4c1f   0x54  Code  Gb  fputc.o [8]
free                     0x800'30d9    0x8  Code  Gb  heaptramp0.o [8]
free_function           0x2000'028c    0x4  Data  Lc  memory.o [5]
frexp                    0x800'1117         Code  Gb  frexp.o [9]
frexpl                   0x800'1117         Code  Gb  frexp.o [9]
fseek                    0x800'49cd   0x24  Code  Gb  fseek.o [8]
initRefCount            0x2000'0294    0x4  Data  Lc  wc_port.o [5]
ldexp                    0x800'11a5         Code  Gb  ldexp.o [9]
ldexpl                   0x800'11a5         Code  Gb  ldexp.o [9]
localeconv               0x800'176d    0x4  Code  Gb  xlocale_c.o [8]
log_function            0x2000'026c    0x4  Data  Lc  logging.o [5]
loggingEnabled          0x2000'0270    0x4  Data  Lc  logging.o [5]
main                     0x800'40d3   0x64  Code  Gb  main.o [2]
malloc_function         0x2000'0288    0x4  Data  Lc  memory.o [5]
memchr                   0x800'10b1         Code  Gb  memchr.o [10]
min                      0x800'18a7    0xc  Code  Lc  md5.o [5]
min                      0x800'3e3d    0xc  Code  Lc  pwdbased.o [5]
min                      0x800'263d    0xc  Code  Lc  sha256.o [5]
obuf                    0x2000'0214   0x50  Data  Lc  xfiles.o [8]
printf                   0x800'42e5   0x28  Code  Gb  printf.o [8]
putchar                  0x800'4c75   0x44  Code  Gb  putchar.o [8]
remove                   0x800'4b21   0x14  Code  Gb  remove.o [11]
rotlFixed                0x800'18a1    0x6  Code  Lc  md5.o [5]
rotrFixed                0x800'260d    0x4  Code  Lc  sha256.o [5]
sFileInfo               0x2000'0144   0x80  Data  Lc  XShHandles.o [8]
scalbln                  0x800'11a5         Code  Gb  ldexp.o [9]
scalblnl                 0x800'11a5         Code  Gb  ldexp.o [9]
scalbn                   0x800'11a5         Code  Gb  ldexp.o [9]
scalbnl                  0x800'11a5         Code  Gb  ldexp.o [9]
scale                    0x800'0fc1   0x44  Code  Lc  xprintffull_nomb.o [8]
sec_hand                0x2000'02a0    0x4  Data  Lc  xfail_s.o [8]
snprintf                 0x800'44a1   0x4c  Code  Gb  snprintf.o [8]
strchr                   0x800'1045         Code  Gb  strchr.o [10]
strlen                   0x800'10a1         Code  Gb  strlen.o [10]
uwTick                  0x2000'0290    0x4  Data  Gb  stm32g0xx_hal.o [4]
uwTickFreq              0x2000'0140    0x1  Data  Gb  stm32g0xx_hal.o [4]
uwTickPrio              0x2000'0000    0x4  Data  Gb  stm32g0xx_hal.o [4]
wcCryptHwMutex          0x2000'0298    0x4  Data  Lc  wc_port.o [5]
wcCryptHwMutexInit      0x2000'029c    0x4  Data  Lc  wc_port.o [5]
wc_HashGetDigestSize     0x800'4027   0x74  Code  Gb  hash.o [5]
wc_HashTypeConvert       0x800'4011   0x16  Code  Gb  hash.o [5]
wc_HmacFinal             0x800'3cab   0xd2  Code  Gb  hmac.o [5]
wc_HmacFree              0x800'3db7   0x2a  Code  Gb  hmac.o [5]
wc_HmacInit              0x800'3d7d   0x3a  Code  Gb  hmac.o [5]
wc_HmacSetKey            0x800'3a59  0x1a6  Code  Gb  hmac.o [5]
wc_HmacUpdate            0x800'3c45   0x66  Code  Gb  hmac.o [5]
wc_InitMd5_ex            0x800'23d5   0x22  Code  Gb  md5.o [5]
wc_InitMutex             0x800'42dd    0x6  Code  Gb  wc_port.o [5]
wc_InitSha256_ex         0x800'26b5   0x22  Code  Gb  sha256.o [5]
wc_LoggingInit           0x800'4401   0x2e  Code  Gb  logging.o [5]
wc_Md5Final              0x800'24df   0xd6  Code  Gb  md5.o [5]
wc_Md5Free               0x800'25b5    0x8  Code  Gb  md5.o [5]
wc_Md5Update             0x800'23f7   0xe8  Code  Gb  md5.o [5]
wc_PBKDF2                0x800'3fdb   0x36  Code  Gb  pwdbased.o [5]
wc_PBKDF2_ex             0x800'3e49  0x192  Code  Gb  pwdbased.o [5]
wc_Sha256Final           0x800'2f03   0x48  Code  Gb  sha256.o [5]
wc_Sha256Free            0x800'2f4b    0x8  Code  Gb  sha256.o [5]
wc_Sha256Update          0x800'2df3   0x32  Code  Gb  sha256.o [5]
wc_current_node         0x2000'0280    0x4  Data  Lc  logging.o [5]
wc_error_mutex          0x2000'0284    0x4  Data  Lc  logging.o [5]
wc_errors               0x2000'0274    0x4  Data  Lc  logging.o [5]
wc_errors_count         0x2000'0278    0x4  Data  Lc  logging.o [5]
wc_last_node            0x2000'027c    0x4  Data  Lc  logging.o [5]
wolfCrypt_Init           0x800'4261   0x44  Code  Gb  wc_port.o [5]
wolfSSL_CryptHwMutexInit
                         0x800'42a5   0x20  Code  Gb  wc_port.o [5]
wolfSSL_Free             0x800'2f73   0x1c  Code  Gb  memory.o [5]
wolfSSL_Malloc           0x800'2f55   0x1e  Code  Gb  memory.o [5]
wolfssl_log              0x800'43a1   0x24  Code  Lc  logging.o [5]
xorbuf                   0x800'3e03   0x3a  Code  Lc  pwdbased.o [5]


[1] = D:\STM32\new-work\JIO\Source Code\walfssl -stm32G0\EWARM\walfssl\Obj\CMSIS_6603591812247902717.dir
[2] = D:\STM32\new-work\JIO\Source Code\walfssl -stm32G0\EWARM\walfssl\Obj\Core_13247989168731456611.dir
[3] = D:\STM32\new-work\JIO\Source Code\walfssl -stm32G0\EWARM\walfssl\Obj\EWARM_18443280873093131863.dir
[4] = D:\STM32\new-work\JIO\Source Code\walfssl -stm32G0\EWARM\walfssl\Obj\STM32G0xx_HAL_Driver_14800413719917403617.dir
[5] = D:\STM32\new-work\JIO\Source Code\walfssl -stm32G0\EWARM\walfssl\Obj\wolfSSL\wolfCrypt\Core_12094144932994212940.dir
[6] = D:\STM32\new-work\JIO\Source Code\walfssl -stm32G0\EWARM\walfssl\Obj\wolfSSL\wolfCrypt\Test_15629031776329140406.dir
[7] = D:\STM32\new-work\JIO\Source Code\walfssl -stm32G0\EWARM\walfssl\Obj\wolfSSL\wolfSSL\Core_18141034100668064349.dir
[8] = dl6M_tlf.a
[9] = m6M_tl.a
[10] = rt6M_tl.a
[11] = shb_l.a

  19'691 bytes of readonly  code memory
     765 bytes of readonly  data memory
   2'293 bytes of readwrite data memory

Errors: none
Warnings: none
